Something went wrong while processing the configuration file:

```text
Missing required field: pass_threshold
```