There is no vote in progress to cancel in this pull request @testuser.