There is no vote in progress to cancel in this issue @testuser.