Only repository collaborators can create a vote @testuser.

For organization-owned repositories, the list of collaborators includes outside collaborators, organization members that are direct collaborators, organization members with access through team memberships, organization members with access through default organization permissions, and organization owners.