## Vote cancelled

@testuser has cancelled the vote in progress in this pull request.