There is already a vote in progress in this pull request @testuser.

Please wait until it is closed before creating a new one.