There is already a vote in progress in this issue @testuser.

Please wait until it is closed before creating a new one.